// Jest Snapshot v1, https://goo.gl/fbAQLP

exports[`Item renders properly 1`] = `
<styled.div>
  <styled.div>
    <styled.div>
      <span />
      <span>
        score
      </span>
    </styled.div>
    <styled.div>
      <span />
      <span>
        answers
      </span>
    </styled.div>
  </styled.div>
  <styled.div>
    <a
      rel="noopener"
      target="_blank"
    >
      <styled.p />
    </a>
    <styled.div>
      <styled.div />
      <styled.span>
        <styled.img />
        <span>
          Asked undefined by undefined
        </span>
      </styled.span>
    </styled.div>
  </styled.div>
</styled.div>
`;
