// Jest Snapshot v1, https://goo.gl/fbAQLP

exports[`Item renders properly 1`] = `
<styled.div>
  <styled.div>
    <styled.div>
      <span>
        568
      </span>
      <span>
        score
      </span>
    </styled.div>
    <styled.div>
      <span>
        54
      </span>
      <span>
        answers
      </span>
    </styled.div>
  </styled.div>
  <styled.div>
    <a
      href="http://thisisanurl.com"
      rel="noopener"
      target="_blank"
    >
      <styled.p>
        This is an example!
      </styled.p>
    </a>
    <styled.div>
      <styled.div>
        <styled.div
          key="tag1"
        >
          tag1
        </styled.div>
        <styled.div
          key="tag2"
        >
          tag2
        </styled.div>
      </styled.div>
      <styled.span>
        <styled.img
          src="http://someurl.com"
        />
        <span>
          Asked Invalid date by Lorem
        </span>
      </styled.span>
    </styled.div>
  </styled.div>
</styled.div>
`;
