// Jest Snapshot v1, https://goo.gl/fbAQLP

exports[`List renders properly 1`] = `
<styled.div>
  <Item
    createdAt="06'12"
    id={11227809}
    key="11227809"
    numberOfAnswers={21}
    owner={
      Object {
        "id": 87234,
        "name": "GManNickG",
        "profileImage": "https://i.stack.imgur.com/FkjBe.png?s=128&g=1",
      }
    }
    score={21456}
    tags={
      Array [
        "java",
        "c++",
        "performance",
        "optimization",
        "branch-prediction",
      ]
    }
    title="Why is it faster to process a sorted array than an unsorted array?"
    url="https://stackoverflow.com/questions/11227809/why-is-it-faster-to-process-a-sorted-array-than-an-unsorted-array"
  />
  <Item
    createdAt="02'09"
    id={503093}
    key="503093"
    numberOfAnswers={67}
    owner={
      Object {
        "id": 44984,
        "name": "venkatachalam",
        "profileImage": "https://i.stack.imgur.com/7rqob.jpg?s=128&g=1",
      }
    }
    score={7739}
    tags={
      Array [
        "javascript",
        "jquery",
        "redirect",
      ]
    }
    title="How do I redirect to another webpage?"
    url="https://stackoverflow.com/questions/503093/how-do-i-redirect-to-another-webpage"
  />
  <Item
    createdAt="09'08"
    id={111102}
    key="111102"
    numberOfAnswers={88}
    owner={
      Object {
        "id": 9951,
        "name": "e-satis",
        "profileImage": "https://www.gravatar.com/avatar/1449ec95d8c114dbca53136cc8194b61?s=128&d=identicon&r=PG&f=1",
      }
    }
    score={7654}
    tags={
      Array [
        "javascript",
        "function",
        "variables",
        "scope",
        "closures",
      ]
    }
    title="How do JavaScript closures work?"
    url="https://stackoverflow.com/questions/111102/how-do-javascript-closures-work"
  />
  <Item
    createdAt="11'09"
    id={1789945}
    key="1789945"
    numberOfAnswers={49}
    owner={
      Object {
        "id": 131679,
        "name": "gramm",
        "profileImage": "https://www.gravatar.com/avatar/4cb7f78dca34d0e27931f743f3aa1f30?s=128&d=identicon&r=PG",
      }
    }
    score={7437}
    tags={
      Array [
        "javascript",
        "string",
        "substring",
        "contains",
        "string-matching",
      ]
    }
    title="How to check whether a string contains a substring in JavaScript?"
    url="https://stackoverflow.com/questions/1789945/how-to-check-whether-a-string-contains-a-substring-in-javascript"
  />
  <Item
    createdAt="10'08"
    id={178325}
    key="178325"
    numberOfAnswers={53}
    owner={
      Object {
        "id": 21709,
        "name": "Philip Morton",
        "profileImage": "https://www.gravatar.com/avatar/3ea9c684a2db319df788cecc6c98f9cd?s=128&d=identicon&r=PG",
      }
    }
    score={6631}
    tags={
      Array [
        "javascript",
        "jquery",
        "dom",
        "visibility",
      ]
    }
    title="How do I check if an element is hidden in jQuery?"
    url="https://stackoverflow.com/questions/178325/how-do-i-check-if-an-element-is-hidden-in-jquery"
  />
  <Item
    createdAt="08'09"
    id={1335851}
    key="1335851"
    numberOfAnswers={26}
    owner={
      Object {
        "id": 25847,
        "name": "Mark Rogers",
        "profileImage": "https://www.gravatar.com/avatar/34d142b034e7b194fc1708f3b20d9568?s=128&d=identicon&r=PG",
      }
    }
    score={6624}
    tags={
      Array [
        "javascript",
        "syntax",
        "jslint",
        "use-strict",
      ]
    }
    title="What does &quot;use strict&quot; do in JavaScript, and what is the reasoning behind it?"
    url="https://stackoverflow.com/questions/1335851/what-does-use-strict-do-in-javascript-and-what-is-the-reasoning-behind-it"
  />
</styled.div>
`;
