// Jest Snapshot v1, https://goo.gl/fbAQLP

exports[`App renders properly 1`] = `
<styled.div>
  <Search />
  <List
    isLoading={true}
    questionList={
      Array [
        Object {
          "accepted_answer_id": 11227902,
          "answer_count": 21,
          "creation_date": 1340805096,
          "is_answered": true,
          "last_activity_date": 1529478191,
          "last_edit_date": 1522083910,
          "link": "https://stackoverflow.com/questions/11227809/why-is-it-faster-to-process-a-sorted-array-than-an-unsorted-array",
          "owner": Object {
            "accept_rate": 100,
            "display_name": "GManNickG",
            "link": "https://stackoverflow.com/users/87234/gmannickg",
            "profile_image": "https://i.stack.imgur.com/FkjBe.png?s=128&g=1",
            "reputation": 285269,
            "user_id": 87234,
            "user_type": "registered",
          },
          "protected_date": 1399067470,
          "question_id": 11227809,
          "score": 21456,
          "tags": Array [
            "java",
            "c++",
            "performance",
            "optimization",
            "branch-prediction",
          ],
          "title": "Why is it faster to process a sorted array than an unsorted array?",
          "view_count": 1213098,
        },
        Object {
          "accepted_answer_id": 506004,
          "answer_count": 67,
          "creation_date": 1233579256,
          "is_answered": true,
          "last_activity_date": 1526521941,
          "last_edit_date": 1517920814,
          "link": "https://stackoverflow.com/questions/503093/how-do-i-redirect-to-another-webpage",
          "locked_date": 1522910705,
          "owner": Object {
            "accept_rate": 78,
            "display_name": "venkatachalam",
            "link": "https://stackoverflow.com/users/44984/venkatachalam",
            "profile_image": "https://i.stack.imgur.com/7rqob.jpg?s=128&g=1",
            "reputation": 48729,
            "user_id": 44984,
            "user_type": "registered",
          },
          "protected_date": 1447333882,
          "question_id": 503093,
          "score": 7739,
          "tags": Array [
            "javascript",
            "jquery",
            "redirect",
          ],
          "title": "How do I redirect to another webpage?",
          "view_count": 4893999,
        },
        Object {
          "accepted_answer_id": 111111,
          "answer_count": 88,
          "community_owned_date": 1370514175,
          "creation_date": 1222006327,
          "is_answered": true,
          "last_activity_date": 1528374072,
          "last_edit_date": 1491746117,
          "link": "https://stackoverflow.com/questions/111102/how-do-javascript-closures-work",
          "locked_date": 1497372465,
          "owner": Object {
            "accept_rate": 78,
            "display_name": "e-satis",
            "link": "https://stackoverflow.com/users/9951/e-satis",
            "profile_image": "https://www.gravatar.com/avatar/1449ec95d8c114dbca53136cc8194b61?s=128&d=identicon&r=PG&f=1",
            "reputation": 330008,
            "user_id": 9951,
            "user_type": "registered",
          },
          "protected_date": 1316450131,
          "question_id": 111102,
          "score": 7654,
          "tags": Array [
            "javascript",
            "function",
            "variables",
            "scope",
            "closures",
          ],
          "title": "How do JavaScript closures work?",
          "view_count": 1244225,
        },
        Object {
          "accepted_answer_id": 1789952,
          "answer_count": 49,
          "community_owned_date": 1388363490,
          "creation_date": 1259067869,
          "is_answered": true,
          "last_activity_date": 1523635025,
          "last_edit_date": 1521639502,
          "link": "https://stackoverflow.com/questions/1789945/how-to-check-whether-a-string-contains-a-substring-in-javascript",
          "locked_date": 1522910801,
          "owner": Object {
            "accept_rate": 63,
            "display_name": "gramm",
            "link": "https://stackoverflow.com/users/131679/gramm",
            "profile_image": "https://www.gravatar.com/avatar/4cb7f78dca34d0e27931f743f3aa1f30?s=128&d=identicon&r=PG",
            "reputation": 9167,
            "user_id": 131679,
            "user_type": "registered",
          },
          "protected_date": 1351859467,
          "question_id": 1789945,
          "score": 7437,
          "tags": Array [
            "javascript",
            "string",
            "substring",
            "contains",
            "string-matching",
          ],
          "title": "How to check whether a string contains a substring in JavaScript?",
          "view_count": 4810683,
        },
        Object {
          "accepted_answer_id": 178450,
          "answer_count": 53,
          "creation_date": 1223384598,
          "is_answered": true,
          "last_activity_date": 1524633661,
          "last_edit_date": 1477843243,
          "link": "https://stackoverflow.com/questions/178325/how-do-i-check-if-an-element-is-hidden-in-jquery",
          "owner": Object {
            "accept_rate": 100,
            "display_name": "Philip Morton",
            "link": "https://stackoverflow.com/users/21709/philip-morton",
            "profile_image": "https://www.gravatar.com/avatar/3ea9c684a2db319df788cecc6c98f9cd?s=128&d=identicon&r=PG",
            "reputation": 52279,
            "user_id": 21709,
            "user_type": "registered",
          },
          "protected_date": 1334286591,
          "question_id": 178325,
          "score": 6631,
          "tags": Array [
            "javascript",
            "jquery",
            "dom",
            "visibility",
          ],
          "title": "How do I check if an element is hidden in jQuery?",
          "view_count": 2179012,
        },
        Object {
          "accepted_answer_id": 1335881,
          "answer_count": 26,
          "creation_date": 1251303013,
          "is_answered": true,
          "last_activity_date": 1524670615,
          "last_edit_date": 1485135002,
          "link": "https://stackoverflow.com/questions/1335851/what-does-use-strict-do-in-javascript-and-what-is-the-reasoning-behind-it",
          "owner": Object {
            "accept_rate": 82,
            "display_name": "Mark Rogers",
            "link": "https://stackoverflow.com/users/25847/mark-rogers",
            "profile_image": "https://www.gravatar.com/avatar/34d142b034e7b194fc1708f3b20d9568?s=128&d=identicon&r=PG",
            "reputation": 39415,
            "user_id": 25847,
            "user_type": "registered",
          },
          "protected_date": 1370840538,
          "question_id": 1335851,
          "score": 6624,
          "tags": Array [
            "javascript",
            "syntax",
            "jslint",
            "use-strict",
          ],
          "title": "What does &quot;use strict&quot; do in JavaScript, and what is the reasoning behind it?",
          "view_count": 951926,
        },
      ]
    }
  />
</styled.div>
`;
